---
source: crates/swc_ecma_semantic/tests/main.rs
assertion_line: 58
input_file: crates/swc_ecma_semantic/tests/fixtures/rspack/custom-url.js
---
Top level: ScopeId(2)
Unresolved: ScopeId(1)
customJs ("customJs") -> ScopeId(2)
fs ("fs") -> ScopeId(2)
__non_webpack_require__ ("__non_webpack_require__") -> ScopeId(1)
path ("path") -> ScopeId(2)
__non_webpack_require__ ("__non_webpack_require__") -> ScopeId(1)
it ("it") -> ScopeId(1)
expect ("expect") -> ScopeId(1)
customJs ("customJs") -> ScopeId(2)
css ("css") -> ScopeId(3)
fs ("fs") -> ScopeId(2)
path ("path") -> ScopeId(2)
__dirname ("__dirname") -> ScopeId(1)
importUrl ("importUrl") -> ScopeId(3)
css ("css") -> ScopeId(3)
aUrl ("aUrl") -> ScopeId(3)
css ("css") -> ScopeId(3)
expect ("expect") -> ScopeId(1)
importUrl ("importUrl") -> ScopeId(3)
expect ("expect") -> ScopeId(1)
aUrl ("aUrl") -> ScopeId(3)
